14:26:25 início; atualização completa: False
14:26:28 baixado https://www.camara.leg.br/cotas/Ano-2015.csv.zip 11.4 MB
14:26:31 despesas 2015 ok
14:26:32 baixado https://www.camara.leg.br/cotas/Ano-2016.csv.zip 10.7 MB
14:26:35 despesas 2016 ok
14:26:36 baixado https://www.camara.leg.br/cotas/Ano-2017.csv.zip 10.4 MB
14:26:39 despesas 2017 ok
14:26:40 baixado https://www.camara.leg.br/cotas/Ano-2018.csv.zip 8.9 MB
14:26:43 despesas 2018 ok
14:26:44 baixado https://www.camara.leg.br/cotas/Ano-2019.csv.zip 9.1 MB
14:26:46 despesas 2019 ok
14:26:47 baixado https://www.camara.leg.br/cotas/Ano-2020.csv.zip 5.4 MB
14:26:49 despesas 2020 ok
14:26:49 baixado https://www.camara.leg.br/cotas/Ano-2021.csv.zip 6.9 MB
14:26:51 despesas 2021 ok
14:26:52 baixado https://www.camara.leg.br/cotas/Ano-2022.csv.zip 6.6 MB
14:26:54 despesas 2022 ok
14:26:55 baixado https://www.camara.leg.br/cotas/Ano-2023.csv.zip 7.5 MB
14:26:56 despesas 2023 ok
14:26:58 baixado https://www.camara.leg.br/cotas/Ano-2024.csv.zip 7.5 MB
14:27:00 despesas 2024 ok
14:27:01 baixado https://www.camara.leg.br/cotas/Ano-2025.csv.zip 6.9 MB
14:27:03 despesas 2025 ok
14:27:04 baixado https://www.camara.leg.br/cotas/Ano-2026.csv.zip 4.3 MB
14:27:05 despesas 2026 ok
14:27:05 votações 2015 ok
14:27:05 votações 2016 ok
14:27:05 votações 2017 ok
14:27:05 votações 2018 ok
14:27:05 votações 2019 ok
14:27:05 votações 2020 ok
14:27:05 votações 2021 ok
14:27:05 votações 2022 ok
14:27:05 votações 2023 ok
14:27:05 votações 2024 ok
14:27:08 baixado https://dadosabertos.camara.leg.br/arquivos/votacoes/csv/votacoes-2025.csv 8.8 MB
14:27:10 baixado https://dadosabertos.camara.leg.br/arquivos/votacoesVotos/csv/votacoesVotos-2025.csv 58.2 MB
14:27:12 votações 2025 ok
14:27:12 baixado https://dadosabertos.camara.leg.br/arquivos/votacoes/csv/votacoes-2026.csv 4.5 MB
14:27:13 baixado https://dadosabertos.camara.leg.br/arquivos/votacoesVotos/csv/votacoesVotos-2026.csv 17.2 MB
14:27:13 votações 2026 ok
14:27:15 federais SP desde 2015 : 192
14:27:16 detalhes 0 / 192
14:27:30 detalhes 20 / 192
14:27:45 detalhes 40 / 192
14:27:59 detalhes 60 / 192
14:28:14 detalhes 80 / 192
14:28:28 detalhes 100 / 192
14:28:42 detalhes 120 / 192
14:28:56 detalhes 140 / 192
14:29:11 detalhes 160 / 192
14:29:25 detalhes 180 / 192
14:29:33 proposições 2015 ok
14:29:33 proposições 2016 ok
14:29:33 proposições 2017 ok
14:29:33 proposições 2018 ok
14:29:33 proposições 2019 ok
14:29:33 proposições 2020 ok
14:29:33 proposições 2021 ok
14:29:33 proposições 2022 ok
14:29:33 proposições 2023 ok
14:29:33 proposições 2024 ok
14:29:49 falha https://dadosabertos.camara.leg.br/arquivos/proposicoesAutores/csv/proposicoesAutores-2025.csv ('Connection broken: IncompleteRead(34516718 bytes read, 4422540 more expected)', IncompleteRead(34516718 bytes read, 4422540 more expected)) tentativa 1
14:29:58 baixado https://dadosabertos.camara.leg.br/arquivos/proposicoesAutores/csv/proposicoesAutores-2025.csv 38.9 MB
14:30:01 baixado https://dadosabertos.camara.leg.br/arquivos/proposicoes/csv/proposicoes-2025.csv 90.2 MB
14:30:05 proposições 2025 ok
14:30:06 baixado https://dadosabertos.camara.leg.br/arquivos/proposicoesAutores/csv/proposicoesAutores-2026.csv 14.2 MB
14:30:08 baixado https://dadosabertos.camara.leg.br/arquivos/proposicoes/csv/proposicoes-2026.csv 39.7 MB
14:30:09 proposições 2026 ok
14:30:11 baixado https://www.al.sp.gov.br/repositorioDados/deputados/partidos.xml 0.0 MB
14:30:13 baixado https://www.al.sp.gov.br/repositorioDados/deputados/deputados.xml 0.3 MB
14:31:19 baixado https://www.al.sp.gov.br/repositorioDados/deputados/despesas_gabinetes.xml 172.0 MB
14:31:45 baixado https://www.al.sp.gov.br/repositorioDados/processo_legislativo/naturezasSpl.xml 0.0 MB
14:32:04 baixado https://www.al.sp.gov.br/repositorioDados/processo_legislativo/proposituras.zip 17.3 MB
14:32:15 ALESP proposituras desde 2015 149887
14:32:18 baixado https://www.al.sp.gov.br/repositorioDados/processo_legislativo/documento_andamento_atual.zip 2.0 MB
14:32:36 baixado https://www.al.sp.gov.br/repositorioDados/processo_legislativo/documento_autor.zip 6.5 MB
14:33:00 baixado https://www.al.sp.gov.br/repositorioDados/processo_legislativo/comissoes_permanentes_presencas.xml 8.2 MB
14:33:02 baixado https://www.al.sp.gov.br/repositorioDados/legislacao/legislacao_tipo_normas.xml 0.0 MB
14:33:17 baixado https://www.al.sp.gov.br/repositorioDados/legislacao/legislacao_normas.xml 95.3 MB
14:33:39 fim
